---------------------------------------
"tns-functab": SOURCE --> FINAL PRODUCT
---------------------------------------

-----------------------------------------------
BUILD - START TIME STAMP: 2024-01-12 (23:22:44)
-----------------------------------------------

----------------------------
"tns-functab": LIST OF FILES
----------------------------

1) External "README" file to use:
   "/Users/projetmbc/Mon
   Drive/git[NEW]-G-Drive/coding/write-tools/typensee/tns-latex/tns-math/tns-functab/README.md".
2) Checking "git".
3) Working in the branch "tnsmath".
4) Starting the analysis of the source folder:
   "/Users/projetmbc/Mon
   Drive/git[NEW]-G-Drive/coding/write-tools/typensee/tns-latex/tns-math/tns-functab/src".
5) 74 files found using "git" and the rules from "ignore".

---------------------------------------------
BUILD - END TIME STAMP: 2024-01-12 (23:22:48)
---------------------------------------------

